Thu Oct 05 2017 19:53:22 GMT-0700 (PDT)::Incoming server request fromThu Oct 05 2017 20:31:53 GMT-0700 (PDT)::Incoming server request fromThu Oct 05 2017 20:31:55 GMT-0700 (PDT)::Incoming server request fromThu Oct 05 2017 20:31:58 GMT-0700 (PDT)::Incoming server request fromThu Oct 05 2017 20:36:26 GMT-0700 (PDT)::Incoming server request from
Thu Oct 05 2017 20:36:26 GMT-0700 (PDT)::Incoming server request from
Thu Oct 05 2017 20:37:26 GMT-0700 (PDT)::Incoming server request from
Thu Oct 05 2017 20:37:26 GMT-0700 (PDT)::Incoming server request from
Thu Oct 05 2017 20:37:28 GMT-0700 (PDT)::Incoming server request from
Thu Oct 05 2017 20:37:28 GMT-0700 (PDT)::Incoming server request from
Thu Oct 05 2017 20:37:35 GMT-0700 (PDT)::Incoming server request from
Thu Oct 05 2017 20:37:35 GMT-0700 (PDT)::Incoming server request from
Thu Oct 05 2017 20:37:36 GMT-0700 (PDT)::Incoming server request from
Thu Oct 05 2017 20:37:37 GMT-0700 (PDT)::Incoming server request from
